--@SECURITY_CONTEXT=unconfined_u:unconfined_r:unconfined_t:s0-s0:c0.c15
SELECT sepgsql_getcon();
                   sepgsql_getcon                    
-----------------------------------------------------
 unconfined_u:unconfined_r:unconfined_t:s0-s0:c0.c15
(1 row)

-- cleanup previous tests
SET client_min_messages TO 'error';
SET
DROP TABLE IF EXISTS t3 CASCADE;
DROP TABLE
DROP TABLE IF EXISTS t2 CASCADE;
DROP TABLE
DROP TABLE IF EXISTS t1 CASCADE;
DROP TABLE
DROP FUNCTION IF EXISTS f1(int) CASCADE;
DROP FUNCTION
RESET client_min_messages;
RESET
-- setup tables
CREATE TABLE t1
(
    a    int,
    b    text
);
CREATE TABLE
INSERT INTO t1 VALUES (1, 'aaa'), (2, 'bbb');
INSERT 0 2
-- partial secret table
CREATE TABLE t2
(
    x    int,
    y    text
         SECURITY_LABEL = 'system_u:object_r:sepgsql_secret_table_t:s0'
);
CREATE TABLE
INSERT INTO t2 VALUES (1, 'xxx'), (2, 'yyy'), (3, 'zzz');
INSERT 0 3
-- read only table
CREATE TABLE t3
(
    s    int,
    t    text
) SECURITY_LABEL = 'system_u:object_r:sepgsql_ro_table_t:s0';
CREATE TABLE
INSERT INTO t3 VALUES (1, 'sss'), (2, 'ttt'), (3, 'uuu');
INSERT 0 3
CREATE OR REPLACE FUNCTION f1(int) RETURNS TEXT
    LANGUAGE 'sql'
    AS 'SELECT regexp_replace(b, ''.'', ''*'',''g'') FROM t1 WHERE a = $1';
CREATE FUNCTION
--@SECURITY_CONTEXT=unconfined_u:unconfined_r:sepgsql_test_t:s0-s0:c0
SELECT sepgsql_getcon();
                  sepgsql_getcon                   
---------------------------------------------------
 unconfined_u:unconfined_r:sepgsql_test_t:s0-s0:c0
(1 row)

COPY t1 TO stdout;
1	aaa
2	bbb
COPY t1 FROM stdin;
COPY t2 TO stdout;	-- to be denied
ERROR:  SELinux: security policy violation
COPY t2 (x) TO stdout;
1
2
3
COPY t3 TO stdout;
1	sss
2	ttt
3	uuu
COPY t3 FROM stdin;	-- to be denied
ERROR:  SELinux: security policy violation
COPY (SELECT * FROM t2) TO stdout;	-- to be denied
ERROR:  SELinux: security policy violation
COPY (SELECT x FROM t2) TO stdout;
1
2
3
COPY (SELECT x, f1(x) FROM t2) TO stdout;
1	***
2	***
3	***
