-- Binary Large Object
-- ===================
SELECT sepgsql_getcon();
                   sepgsql_getcon                    
-----------------------------------------------------
 unconfined_u:unconfined_r:unconfined_t:s0-s0:c0.c15
(1 row)

SELECT lo_import('/tmp/sepgsql_test_blob', 6001);
 lo_import 
-----------
      6001
(1 row)

SELECT lo_import('/tmp/sepgsql_test_blob', 6002);
 lo_import 
-----------
      6002
(1 row)

SELECT lo_import('/tmp/sepgsql_test_blob', 6003);
 lo_import 
-----------
      6003
(1 row)

SELECT lo_set_security(6001, 'system_u:object_r:sepgsql_blob_t:s0');
 lo_set_security 
-----------------
 t
(1 row)

SELECT lo_set_security(6002, 'system_u:object_r:sepgsql_ro_blob_t:s0');
 lo_set_security 
-----------------
 t
(1 row)

SELECT lo_set_security(6003, 'system_u:object_r:sepgsql_secret_blob_t:s0');
 lo_set_security 
-----------------
 t
(1 row)

SELECT sepgsql_getcon();
                  sepgsql_getcon                   
---------------------------------------------------
 unconfined_u:unconfined_r:sepgsql_test_t:s0-s0:c0
(1 row)

SELECT lo_get_security(6001);
           lo_get_security           
-------------------------------------
 system_u:object_r:sepgsql_blob_t:s0
(1 row)

SELECT lo_get_security(6002);
            lo_get_security             
----------------------------------------
 system_u:object_r:sepgsql_ro_blob_t:s0
(1 row)

SELECT lo_get_security(6003);
              lo_get_security               
--------------------------------------------
 system_u:object_r:sepgsql_secret_blob_t:s0
(1 row)

SELECT security_label, loid, COUNT(*) FROM pg_largeobject
       GROUP BY security_label, loid;
               security_label               | loid | count 
--------------------------------------------+------+-------
 system_u:object_r:sepgsql_ro_blob_t:s0     | 6002 |    10
 system_u:object_r:sepgsql_secret_blob_t:s0 | 6003 |    10
 system_u:object_r:sepgsql_blob_t:s0        | 6001 |    10
(3 rows)

-- read large object
BEGIN;
BEGIN
SELECT lo_open(6001, x'40000'::int);
 lo_open 
---------
       0
(1 row)

SELECT loread(0, 24);
                                              loread                                              
--------------------------------------------------------------------------------------------------
 \000\000\000\000\000\000\000\000\000\000\000\000\000\000\000\000\000\000\000\000\000\000\000\000
(1 row)

ROLLBACK;
ROLLBACK
BEGIN;
BEGIN
SELECT lo_open(6002, x'40000'::int);
 lo_open 
---------
       0
(1 row)

SELECT loread(0, 24);
                                              loread                                              
--------------------------------------------------------------------------------------------------
 \000\000\000\000\000\000\000\000\000\000\000\000\000\000\000\000\000\000\000\000\000\000\000\000
(1 row)

ROLLBACK;
ROLLBACK
BEGIN;
BEGIN
SELECT lo_open(6003, x'40000'::int);
 lo_open 
---------
       0
(1 row)

SELECT loread(0, 24);			-- to be failed
ERROR:  SELinux: denied { read } scontext=unconfined_u:unconfined_r:sepgsql_test_t:s0-s0:c0 tcontext=system_u:object_r:sepgsql_secret_blob_t:s0 tclass=db_blob name=loid:6003
ROLLBACK;
ROLLBACK
-- write large object
BEGIN;
BEGIN
SELECT lo_open(6001, x'20000'::int);
 lo_open 
---------
       0
(1 row)

SELECT lowrite(0, 'ABCDEFGHIJKLMNOPQRSTUVWXYZ');
 lowrite 
---------
      26
(1 row)

COMMIT;
COMMIT
BEGIN;
BEGIN
SELECT lo_open(6002, x'20000'::int);
 lo_open 
---------
       0
(1 row)

SELECT lowrite(0, 'ABCDEFGHIJKLMNOPQRSTUVWXYZ');	-- to be failed
ERROR:  SELinux: denied { write } scontext=unconfined_u:unconfined_r:sepgsql_test_t:s0-s0:c0 tcontext=system_u:object_r:sepgsql_ro_blob_t:s0 tclass=db_blob name=loid:6002
COMMIT;
ROLLBACK
BEGIN;
BEGIN
SELECT lo_open(6003, x'20000'::int);
 lo_open 
---------
       0
(1 row)

SELECT lowrite(0, 'ABCDEFGHIJKLMNOPQRSTUVWXYZ');	-- to be failed
ERROR:  SELinux: denied { write } scontext=unconfined_u:unconfined_r:sepgsql_test_t:s0-s0:c0 tcontext=system_u:object_r:sepgsql_secret_blob_t:s0 tclass=db_blob name=loid:6003
COMMIT;
ROLLBACK
-- create large object
BEGIN;
BEGIN
SELECT lo_create(6004);
 lo_create 
-----------
      6004
(1 row)

SELECT lo_open(6004, x'20000'::int);
 lo_open 
---------
       0
(1 row)

SELECT lowrite(0, 'ABCDEFGHIJKLMNOPQRSTUVWXYZ');
 lowrite 
---------
      26
(1 row)

SELECT lo_close(0);
 lo_close 
----------
        0
(1 row)

COMMIT;
COMMIT
-- append large object
BEGIN;
BEGIN
SELECT lo_open(6001, x'60000'::int);
 lo_open 
---------
       0
(1 row)

SELECT lo_lseek(0, 0, 2);       -- seek to end
 lo_lseek 
----------
    20480
(1 row)

SELECT lowrite(0, 'ABCDEFGHIJKLMNOPQRSTUVWXYZ');
 lowrite 
---------
      26
(1 row)

SELECT lo_close(0);
 lo_close 
----------
        0
(1 row)

COMMIT;
COMMIT
-- import/export large object
SELECT lo_import('/tmp/sepgsql_test_blob', 6005);
ERROR:  SELinux: denied { import } scontext=unconfined_u:unconfined_r:sepgsql_test_t:s0-s0:c0 tcontext=unconfined_u:object_r:sepgsql_test_sepgsql_blob_t:s0 tclass=db_blob name=loid:6005
SELECT lo_export(6001, '/tmp/sepgsql_test_blob');
ERROR:  SELinux: denied { export } scontext=unconfined_u:unconfined_r:sepgsql_test_t:s0-s0:c0 tcontext=system_u:object_r:sepgsql_blob_t:s0 tclass=db_blob name=loid:6001
-- check result
SELECT security_label, loid, COUNT(*) FROM pg_largeobject
       GROUP BY security_label, loid;
                    security_label                    | loid | count 
------------------------------------------------------+------+-------
 unconfined_u:object_r:sepgsql_test_sepgsql_blob_t:s0 | 6004 |     1
 system_u:object_r:sepgsql_ro_blob_t:s0               | 6002 |    10
 system_u:object_r:sepgsql_secret_blob_t:s0           | 6003 |    10
 system_u:object_r:sepgsql_blob_t:s0                  | 6001 |    11
(4 rows)

SELECT sepgsql_getcon();
                   sepgsql_getcon                    
-----------------------------------------------------
 unconfined_u:unconfined_r:unconfined_t:s0-s0:c0.c15
(1 row)

SELECT lo_unlink(6001);
 lo_unlink 
-----------
         1
(1 row)

SELECT lo_unlink(6002);
 lo_unlink 
-----------
         1
(1 row)

SELECT lo_unlink(6003);
 lo_unlink 
-----------
         1
(1 row)

SELECT lo_unlink(6004);
 lo_unlink 
-----------
         1
(1 row)

SELECT lo_unlink(6005);
ERROR:  large object 6005 does not exist
