--@SECURITY_CONTEXT=unconfined_u:unconfined_r:unconfined_t:s0-s0:c0.c15
SELECT sepgsql_getcon();
                   sepgsql_getcon                    
-----------------------------------------------------
 unconfined_u:unconfined_r:unconfined_t:s0-s0:c0.c15
(1 row)

-- cleanup previous tests
SET client_min_messages TO 'error';
SET
DROP TABLE IF EXISTS t4 CASCADE;
DROP TABLE
DROP TABLE IF EXISTS t3 CASCADE;
DROP TABLE
DROP TABLE IF EXISTS t2 CASCADE;
DROP TABLE
DROP TABLE IF EXISTS t1 CASCADE;
DROP TABLE
DROP FUNCTION IF EXISTS f1(int) CASCADE;
DROP FUNCTION
DROP FUNCTION IF EXISTS f2(int) CASCADE;
DROP FUNCTION
RESET client_min_messages;
RESET
-- CREATE TABLE with SECURITY_LABEL clause
CREATE TABLE t1 (
       a int,
       b text
);
CREATE TABLE
SELECT relname, security_context FROM pg_class WHERE oid = 't1'::regclass;
 relname |             security_context             
---------+------------------------------------------
 t1      | unconfined_u:object_r:sepgsql_table_t:s0
(1 row)

SELECT attname, security_context FROM pg_attribute WHERE attrelid = 't1'::regclass and attnum > 0;
 attname |             security_context             
---------+------------------------------------------
 a       | unconfined_u:object_r:sepgsql_table_t:s0
 b       | unconfined_u:object_r:sepgsql_table_t:s0
(2 rows)

CREATE TABLE t2 (
       a int,
       b text
) SECURITY_CONTEXT = 'unconfined_u:object_r:sepgsql_ro_table_t:s0';
CREATE TABLE
SELECT relname, security_context FROM pg_class WHERE oid = 't2'::regclass;
 relname |              security_context               
---------+---------------------------------------------
 t2      | unconfined_u:object_r:sepgsql_ro_table_t:s0
(1 row)

SELECT attname, security_context FROM pg_attribute WHERE attrelid = 't2'::regclass and attnum > 0;
 attname |              security_context               
---------+---------------------------------------------
 a       | unconfined_u:object_r:sepgsql_ro_table_t:s0
 b       | unconfined_u:object_r:sepgsql_ro_table_t:s0
(2 rows)

CREATE TABLE t3 (
       a int,
       b text SECURITY_CONTEXT = 'unconfined_u:object_r:sepgsql_fixed_table_t:s0',
       c bool SECURITY_CONTEXT = 'unconfined_u:object_r:sepgsql_secret_table_t:s0',
       d int
) SECURITY_CONTEXT = 'unconfined_u:object_r:sepgsql_table_t:s0:c0';
CREATE TABLE
SELECT relname, security_context FROM pg_class WHERE oid = 't3'::regclass;
 relname |              security_context               
---------+---------------------------------------------
 t3      | unconfined_u:object_r:sepgsql_table_t:s0:c0
(1 row)

SELECT attname, security_context FROM pg_attribute WHERE attrelid = 't3'::regclass and attnum > 0;
 attname |                security_context                 
---------+-------------------------------------------------
 a       | unconfined_u:object_r:sepgsql_table_t:s0
 b       | unconfined_u:object_r:sepgsql_fixed_table_t:s0
 c       | unconfined_u:object_r:sepgsql_secret_table_t:s0
 d       | unconfined_u:object_r:sepgsql_table_t:s0
(4 rows)

CREATE TABLE t4 (
       a int,
       b text
) SECURITY_CONTEXT = 'unconfined_u:object_r:invalid_label_t:s0';	-- to be failed
ERROR:  SELinux: "unconfined_u:object_r:invalid_label_t:s0" is not a valid security context
CREATE TABLE t4 (
       a int,
       b text
) SECURITY_CONTEXT = 'unconfined_u:object_r:sepgsql_proc_t:s0';	-- to be denied
ERROR:  SELinux: denied { create } scontext=unconfined_u:unconfined_r:unconfined_t:s0-s0:c0.c15 tcontext=unconfined_u:object_r:sepgsql_proc_t:s0 tclass=db_table name=t4
-- ALTER TABLE with SECURITY_CONTEXT clause
ALTER TABLE t2 SECURITY_CONTEXT = 'unconfined_u:object_r:sepgsql_secret_table_t:s0';
ALTER TABLE
ALTER TABLE t2 ADD COLUMN c bool;	-- it inherits table's one
ALTER TABLE
SELECT relname, security_context FROM pg_class WHERE oid = 't2'::regclass;
 relname |                security_context                 
---------+-------------------------------------------------
 t2      | unconfined_u:object_r:sepgsql_secret_table_t:s0
(1 row)

SELECT attname, security_context FROM pg_attribute WHERE attrelid = 't2'::regclass and attnum > 0;
 attname |                security_context                 
---------+-------------------------------------------------
 a       | unconfined_u:object_r:sepgsql_ro_table_t:s0
 b       | unconfined_u:object_r:sepgsql_ro_table_t:s0
 c       | unconfined_u:object_r:sepgsql_secret_table_t:s0
(3 rows)

ALTER TABLE t3 ALTER b SECURITY_CONTEXT = 'unconfined_u:object_r:sepgsql_table_t:s0';
ALTER TABLE
SELECT relname, security_context FROM pg_class WHERE oid = 't3'::regclass;
 relname |              security_context               
---------+---------------------------------------------
 t3      | unconfined_u:object_r:sepgsql_table_t:s0:c0
(1 row)

SELECT attname, security_context FROM pg_attribute WHERE attrelid = 't3'::regclass and attnum > 0;
 attname |                security_context                 
---------+-------------------------------------------------
 a       | unconfined_u:object_r:sepgsql_table_t:s0
 b       | unconfined_u:object_r:sepgsql_table_t:s0
 c       | unconfined_u:object_r:sepgsql_secret_table_t:s0
 d       | unconfined_u:object_r:sepgsql_table_t:s0
(4 rows)

-- CREATE FUNCTION with SECURITY_CONTEXT clause
CREATE FUNCTION f1 (int) RETURNS int
       LANGUAGE 'sql'
       SECURITY_CONTEXT = 'unconfined_u:object_r:sepgsql_proc_t:s0:c0'
       AS 'SELECT $1 * 2';
CREATE FUNCTION
SELECT proname, security_context FROM pg_proc WHERE oid = 'f1'::regproc;
 proname |              security_context              
---------+--------------------------------------------
 f1      | unconfined_u:object_r:sepgsql_proc_t:s0:c0
(1 row)

CREATE FUNCTION f2 (int) RETURNS int
       LANGUAGE 'sql'
       SECURITY_CONTEXT = 'unconfined_u:object_r:invalid_label_t:s0'
       AS 'SELECT $1 + $1';	 -- to be failed
ERROR:  SELinux: "unconfined_u:object_r:invalid_label_t:s0" is not a valid security context
CREATE FUNCTION f2 (int) RETURNS int
       LANGUAGE 'sql'
       SECURITY_CONTEXT = 'unconfined_u:object_r:sepgsql_proc_t:s0:c16'
       AS 'SELECT $1 + $1';	 -- to be denied
ERROR:  SELinux: denied { create } scontext=unconfined_u:unconfined_r:unconfined_t:s0-s0:c0.c15 tcontext=unconfined_u:object_r:sepgsql_proc_t:s0:c16 tclass=db_procedure name=f2
CREATE FUNCTION f2 (int) RETURNS int
       LANGUAGE 'sql'
       AS 'SELECT $1 + $1';
CREATE FUNCTION
SELECT proname, security_context FROM pg_proc WHERE oid = 'f2'::regproc;
 proname |            security_context             
---------+-----------------------------------------
 f2      | unconfined_u:object_r:sepgsql_proc_t:s0
(1 row)

-- ALTER FUNCTION with SECURITY_CONTEXT clause
ALTER FUNCTION f1(int)
      SECURITY_CONTEXT = 'unconfined_u:object_r:sepgsql_proc_t:s0:c1';
ALTER FUNCTION
SELECT proname, security_context FROM pg_proc WHERE oid = 'f1'::regproc;
 proname |              security_context              
---------+--------------------------------------------
 f1      | unconfined_u:object_r:sepgsql_proc_t:s0:c1
(1 row)

ALTER FUNCTION f2(int)
      SECURITY_CONTEXT = 'unconfined_u:object_r:sepgsql_proc_t:s0:c16';	-- to be denied
ERROR:  SELinux: denied { relabelto } scontext=unconfined_u:unconfined_r:unconfined_t:s0-s0:c0.c15 tcontext=unconfined_u:object_r:sepgsql_proc_t:s0:c16 tclass=db_procedure name=f2
SELECT proname, security_context FROM pg_proc WHERE oid = 'f2'::regproc;
 proname |            security_context             
---------+-----------------------------------------
 f2      | unconfined_u:object_r:sepgsql_proc_t:s0
(1 row)

