--@SECURITY_CONTEXT=unconfined_u:unconfined_r:unconfined_t:s0-s0:c0.c15
SELECT sepgsql_getcon();
                   sepgsql_getcon                    
-----------------------------------------------------
 unconfined_u:unconfined_r:unconfined_t:s0-s0:c0.c15
(1 row)

-- cleanup previous tests
SET client_min_messages TO 'error';
SET
DROP TABLE IF EXISTS t4 CASCADE;
DROP TABLE
DROP TABLE IF EXISTS t3 CASCADE;
DROP TABLE
DROP TABLE IF EXISTS t2 CASCADE;
DROP TABLE
DROP TABLE IF EXISTS t1 CASCADE;
DROP TABLE
DROP FUNCTION IF EXISTS f1(int) CASCADE;
DROP FUNCTION
RESET client_min_messages;
RESET
-- SETUP
CREATE TABLE t1
(
    a   int,
    b   text,
    c   int
        SECURITY_LABEL = 'unconfined_u:object_r:sepgsql_secret_table_t:s0'
);
CREATE TABLE
INSERT INTO t1 VALUES (1, 'aaa'), (2, 'bbb'), (3, 'ccc');
INSERT 0 3
CREATE TABLE t2
(
    x   int,
    y   text
);
CREATE TABLE
INSERT INTO t2 VALUES (2, 'xxx'), (3, 'yyy'), (4,'zzz');
INSERT 0 3
CREATE TABLE t3
(
    d   int
) INHERITS (t1);
CREATE TABLE
INSERT INTO t3 VALUES (4, 'ddd'), (5, 'eee');
INSERT 0 2
CREATE TABLE t4
(
    z   int
        SECURITY_LABEL = 'unconfined_u:object_r:sepgsql_secret_table_t:s0'
) INHERITS (t2);
CREATE TABLE
INSERT INTO t2 VALUES (1, 'sss'), (5, 'ttt');
INSERT 0 2
--@SECURITY_CONTEXT=unconfined_u:unconfined_r:sepgsql_test_t:s0-s0:c0
SELECT sepgsql_getcon();
                  sepgsql_getcon                   
---------------------------------------------------
 unconfined_u:unconfined_r:sepgsql_test_t:s0-s0:c0
(1 row)

SELECT * FROM t1 JOIN t2 ON a = x;		-- to be denied
ERROR:  SELinux: security policy violation
SELECT a, b, y FROM t1 JOIN t2 ON a = x;
 a |  b  |  y  
---+-----+-----
 1 | aaa | sss
 2 | bbb | xxx
 3 | ccc | yyy
 4 | ddd | zzz
 5 | eee | ttt
(5 rows)

SELECT a, b, y FROM t1 JOIN t2 ON c = x;	-- to be denied
ERROR:  SELinux: security policy violation
SELECT COUNT(*) FROM t1 JOIN t2 ON a = x;
 count 
-------
     5
(1 row)

SELECT j FROM (t1 JOIN t2 ON a = x) AS j;	-- to be denied
ERROR:  SELinux: security policy violation
