--@SECURITY_CONTEXT=unconfined_u:unconfined_r:unconfined_t:s0-s0:c0.c15
SELECT sepgsql_getcon();
                   sepgsql_getcon                    
-----------------------------------------------------
 unconfined_u:unconfined_r:unconfined_t:s0-s0:c0.c15
(1 row)

-- cleanup previous tests
SET client_min_messages TO 'error';
SET
DROP FUNCTION IF EXISTS test_func_1(int) CASCADE;
DROP FUNCTION
DROP FUNCTION IF EXISTS test_func_2(int) CASCADE;
DROP FUNCTION
RESET client_min_messages;
RESET
-- setup test object
CREATE OR REPLACE FUNCTION test_func_1(int) RETURNS int
       LANGUAGE 'sql'
       SECURITY LABEL 'system_u:object_r:sepgsql_proc_exec_t:s0'
       AS 'SELECT $1 + 1';
CREATE FUNCTION
CREATE OR REPLACE FUNCTION test_func_2(int) RETURNS int
       LANGUAGE 'sql'
       SECURITY LABEL 'system_u:object_r:sepgsql_proc_exec_t:s0:c0'
       AS 'SELECT $1 + 2';
CREATE FUNCTION
SELECT test_func_1(10);
 test_func_1 
-------------
          11
(1 row)

SELECT test_func_2(10);
 test_func_2 
-------------
          12
(1 row)

--@SECURITY_CONTEXT=unconfined_u:unconfined_r:sepgsql_test_t:s0
SELECT sepgsql_getcon();
               sepgsql_getcon                
---------------------------------------------
 unconfined_u:unconfined_r:sepgsql_test_t:s0
(1 row)

SELECT test_func_1(10);
 test_func_1 
-------------
          11
(1 row)

SELECT test_func_2(10);			-- to be failed
ERROR:  permission denied for function test_func_2
