-- 
-- cleanup of tuple level access control
-- 
-- selinux_user: unconfined_u
-- selinux_role: unconfined_r
-- selinux_type: unconfined_t
-- selinux_range: s0-s0:c0.c15
-- see the result of UPDATE/DELETE
SELECT security_context, * FROM t1;
              security_context               | x  |       y       
---------------------------------------------+----+---------------
 unconfined_u:object_r:sepgsql_table_t:s0:c1 |  2 | coke
 unconfined_u:object_r:sepgsql_table_t:s0:c1 |  3 | juice
 unconfined_u:object_r:sepgsql_table_t:s0:c1 |  4 | coffee
 unconfined_u:object_r:sepgsql_table_t:s0    |  1 | water_updated
 unconfined_u:object_r:sepgsql_table_t:s0    |  5 | beer_updated
 unconfined_u:object_r:sepgsql_table_t:s0    |  6 | wine_updated
 unconfined_u:object_r:sepgsql_table_t:s0:c0 | 10 | soda
(7 rows)

SELECT security_context, * FROM t2;
              security_context               | a  |   b    
---------------------------------------------+----+--------
 unconfined_u:object_r:sepgsql_table_t:s0:c1 |  1 | red
 unconfined_u:object_r:sepgsql_table_t:s0:c1 |  4 | yellow
 unconfined_u:object_r:sepgsql_table_t:s0:c1 |  5 | black
 unconfined_u:object_r:sepgsql_table_t:s0:c0 | 10 | orange
(4 rows)

DROP TABLE t2;
DROP TABLE t1;
