--
-- initial setup of column level access control
--
-- selinux_user: unconfined_u
-- selinux_role: unconfined_r
-- selinux_type: unconfined_t
-- selinux_range: s0-s0:c0.c15
